// Jest Snapshot v1, https://goo.gl/fbAQLP

exports[`getParamUnitsMap returns the unit map correctly 1`] = `
{
  "AXIAL_AREA_PARAMS_DOWNSTREAM": [
    "mm^2",
  ],
  "AXIAL_AREA_PARAMS_UPSTREAM": [
    "mm^2",
  ],
  "AXIAL_LENGTH_PARAMS_DOWNSTREAM": [
    "mm",
  ],
  "AXIAL_LENGTH_PARAMS_UPSTREAM": [
    "mm",
  ],
  "AXIAL_PERCENT": [
    "%",
  ],
  "AXIAL_POSITION": [
    "mm",
  ],
  "AXIAL_WALL_DISP": [
    "mm",
  ],
  "AllowableEffS": "kPa",
  "AllowableTmax": "kPa",
  "AllowableTmin": "kPa",
  "AxleLoad": "kN",
  "DSHr": "kPa",
  "DSLr": "kPa",
  "GRID_DATA": [
    "mm",
  ],
  "InBoredDiameter": "mm",
  "InDistanceOfGirthWeldFromTrackCenter": "m",
  "InFatigueResistanceOfGirthWeld": "kPa",
  "InInstallationTemp": "C",
  "InLengthOfRailroadTrack": "m",
  "InMaximumOperatingTemp": "C",
  "InMinimumOperatingTemp": "C",
  "InOperatingPressure": "kPa",
  "InOperatingWeightPerVehiclePerTrack": "kN",
  "InVehicleContactArea": "m^2",
  "InVerticalDepthOfSoilCover": "m",
  "InWallThickness": "mm",
  "InWidthOfRailroadTrack": "m",
  "MAX_PRESSURE": [
    "MPa",
  ],
  "MIN_PRESSURE": [
    "MPa",
  ],
  "PRESSURE_MEAN_COL": [
    "MPa",
  ],
  "PRESSURE_RANGE_COL": [
    "MPa",
  ],
  "PRES_HIST_1": [
    "MPa",
  ],
  "PRES_HIST_2": [
    "MPa",
  ],
  "PRES_TIME_1": [
    "yrs",
  ],
  "PRES_TIME_2": [
    "yrs",
  ],
  "S1": "kPa",
  "S2max": "kPa",
  "S2min": "kPa",
  "S3": "kPa",
  "SHe": "kPa",
  "SHi": "kPa",
  "SHiB": "kPa",
  "SHiBAllowableTmax": "kPa",
  "SHiBAllowableTmin": "kPa",
  "STRESS_RANGE_COL": [
    "MPa",
  ],
  "Seffmax": "kPa",
  "Seffmin": "kPa",
  "TRANSVERSE_AREA_PARAMS_CCW": [
    "mm^2",
  ],
  "TRANSVERSE_AREA_PARAMS_CW": [
    "mm^2",
  ],
  "TRANSVERSE_LENGTH_PARAMS_CCW": [
    "mm",
  ],
  "TRANSVERSE_LENGTH_PARAMS_CW": [
    "mm",
  ],
  "TRANSVERSE_PERCENT": [
    "%",
  ],
  "TRANSVERSE_POSITION": [
    "mm",
  ],
  "TRANSVERSE_WALL_DISP": [
    "mm",
  ],
  "W": "kPa",
  "YEARLY_NUMBER_OF_CYCLES": [
    "DimensionlessMetric",
  ],
  "outerDiameter": "mm",
}
`;

exports[`getParamUnitsMap returns the unit map correctly with multiple units in datatables 1`] = `
{
  "A": "J",
  "B": "J",
  "C": "C",
  "CHARPY_DATATABLE": [
    "C",
    "J",
    "mm",
    "DimensionlessMetric",
  ],
  "CTTCON": "C",
  "CVD1": [
    "C",
  ],
  "CVD2": [
    "J",
  ],
  "CVD3": [
    "mm",
  ],
  "CVNCON": "N-m",
  "CVNLOW": "N-m",
  "CVNMAX": "J",
  "CVNMIN": "J",
  "CVNTTEM": "C",
  "CVNUP": "N-m",
  "D": "C",
  "MASTER_T0": "C",
  "SSE": "J^2",
  "SSM": "J^2",
  "TT_15": "C",
  "TT_20": "C",
  "TT_20J": "C",
  "TT_28J": "C",
  "TT_40": "C",
  "TT_54J": "C",
}
`;
